exp1 ECP k=0: crossMedian=74 neverCross=0.000 driftDrivenFrac=0.000 P(bearish@600)=0.455
exp1 ECP k=0.5: crossMedian=90.5 neverCross=0.000 driftDrivenFrac=0.000 P(bearish@600)=0.525
exp1 ECP k=1: crossMedian=91 neverCross=0.025 driftDrivenFrac=0.000 P(bearish@600)=0.480
exp1 ECP k=2: crossMedian=99.5 neverCross=0.010 driftDrivenFrac=0.000 P(bearish@600)=0.525
exp1 ECP k=5: crossMedian=98 neverCross=0.010 driftDrivenFrac=0.000 P(bearish@600)=0.535
exp1 ECP k=10: crossMedian=93 neverCross=0.000 driftDrivenFrac=0.000 P(bearish@600)=0.525
exp1 ECP k=20: crossMedian=67 neverCross=0.015 driftDrivenFrac=0.000 P(bearish@600)=0.515
exp1 FLCM k=0: crossMedian=74 neverCross=0.000 driftDrivenFrac=0.000 P(bearish@600)=0.455
exp1 FLCM k=0.5: crossMedian=90.5 neverCross=0.000 driftDrivenFrac=0.000 P(bearish@600)=0.525
exp1 FLCM k=1: crossMedian=94 neverCross=0.000 driftDrivenFrac=0.030 P(bearish@600)=0.480
exp1 FLCM k=2: crossMedian=102.5 neverCross=0.000 driftDrivenFrac=0.050 P(bearish@600)=0.535
exp1 FLCM k=5: crossMedian=99 neverCross=0.000 driftDrivenFrac=0.130 P(bearish@600)=0.525
exp1 FLCM k=10: crossMedian=93 neverCross=0.000 driftDrivenFrac=0.100 P(bearish@600)=0.525
exp1 FLCM k=20: crossMedian=67 neverCross=0.000 driftDrivenFrac=0.135 P(bearish@600)=0.595
exp1 JGN k=0: crossMedian=15 neverCross=0.000 driftDrivenFrac=0.645 P(bearish@600)=0.520
exp1 JGN k=0.5: crossMedian=15.5 neverCross=0.000 driftDrivenFrac=0.765 P(bearish@600)=0.480
exp1 JGN k=1: crossMedian=19 neverCross=0.000 driftDrivenFrac=0.775 P(bearish@600)=0.540
exp1 JGN k=2: crossMedian=15.5 neverCross=0.000 driftDrivenFrac=0.815 P(bearish@600)=0.515
exp1 JGN k=5: crossMedian=13 neverCross=0.000 driftDrivenFrac=0.905 P(bearish@600)=0.485
exp1 JGN k=10: crossMedian=12 neverCross=0.000 driftDrivenFrac=0.915 P(bearish@600)=0.495
exp1 JGN k=20: crossMedian=12 neverCross=0.000 driftDrivenFrac=0.935 P(bearish@600)=0.570
