exp2 ECP short k=0: fracMedian=0.5000 pinForecastMedian=0.3301 excluded=98
exp2 ECP short k=0.5: fracMedian=0.5215 pinForecastMedian=0.3301 excluded=98
exp2 ECP short k=1: fracMedian=0.5013 pinForecastMedian=0.3301 excluded=98
exp2 ECP short k=2: fracMedian=0.5085 pinForecastMedian=0.3301 excluded=98
exp2 ECP short k=5: fracMedian=0.5003 pinForecastMedian=0.3301 excluded=98
exp2 ECP short k=10: fracMedian=0.5222 pinForecastMedian=0.3301 excluded=98
exp2 ECP short k=20: fracMedian=0.4840 pinForecastMedian=0.3301 excluded=98
exp2 ECP long k=0: fracMedian=0.5250 pinForecastMedian=0.6879 excluded=102
exp2 ECP long k=0.5: fracMedian=0.5222 pinForecastMedian=0.6879 excluded=102
exp2 ECP long k=1: fracMedian=0.5250 pinForecastMedian=0.6879 excluded=102
exp2 ECP long k=2: fracMedian=0.5000 pinForecastMedian=0.6879 excluded=102
exp2 ECP long k=5: fracMedian=0.5012 pinForecastMedian=0.6879 excluded=102
exp2 ECP long k=10: fracMedian=0.5213 pinForecastMedian=0.6879 excluded=102
exp2 ECP long k=20: fracMedian=0.5420 pinForecastMedian=0.6879 excluded=102
exp2 FLCM short k=0: fracMedian=0.5000 pinForecastMedian=0.3774 excluded=98
exp2 FLCM short k=0.5: fracMedian=0.5242 pinForecastMedian=0.3774 excluded=98
exp2 FLCM short k=1: fracMedian=0.5002 pinForecastMedian=0.3774 excluded=98
exp2 FLCM short k=2: fracMedian=0.5065 pinForecastMedian=0.3774 excluded=98
exp2 FLCM short k=5: fracMedian=0.5305 pinForecastMedian=0.3774 excluded=98
exp2 FLCM short k=10: fracMedian=0.5398 pinForecastMedian=0.3774 excluded=98
exp2 FLCM short k=20: fracMedian=0.5403 pinForecastMedian=0.3774 excluded=98
exp2 FLCM long k=0: fracMedian=0.5250 pinForecastMedian=0.6598 excluded=102
exp2 FLCM long k=0.5: fracMedian=0.5130 pinForecastMedian=0.6598 excluded=102
exp2 FLCM long k=1: fracMedian=0.5250 pinForecastMedian=0.6598 excluded=102
exp2 FLCM long k=2: fracMedian=0.5032 pinForecastMedian=0.6598 excluded=102
exp2 FLCM long k=5: fracMedian=0.5122 pinForecastMedian=0.6598 excluded=102
exp2 FLCM long k=10: fracMedian=0.5180 pinForecastMedian=0.6598 excluded=102
exp2 FLCM long k=20: fracMedian=0.5577 pinForecastMedian=0.6598 excluded=102
exp2 JGN short k=0: fracMedian=0.5003 pinForecastMedian=0.4020 excluded=75
exp2 JGN short k=0.5: fracMedian=0.5250 pinForecastMedian=0.4020 excluded=75
exp2 JGN short k=1: fracMedian=0.5213 pinForecastMedian=0.4020 excluded=75
exp2 JGN short k=2: fracMedian=0.5217 pinForecastMedian=0.4020 excluded=75
exp2 JGN short k=5: fracMedian=0.5323 pinForecastMedian=0.4020 excluded=75
exp2 JGN short k=10: fracMedian=0.5437 pinForecastMedian=0.4020 excluded=75
exp2 JGN short k=20: fracMedian=0.5797 pinForecastMedian=0.4020 excluded=75
exp2 JGN long k=0: fracMedian=0.5003 pinForecastMedian=0.5969 excluded=78
exp2 JGN long k=0.5: fracMedian=0.5237 pinForecastMedian=0.5969 excluded=78
exp2 JGN long k=1: fracMedian=0.5040 pinForecastMedian=0.5969 excluded=78
exp2 JGN long k=2: fracMedian=0.5210 pinForecastMedian=0.5969 excluded=78
exp2 JGN long k=5: fracMedian=0.5312 pinForecastMedian=0.5969 excluded=78
exp2 JGN long k=10: fracMedian=0.5450 pinForecastMedian=0.5969 excluded=78
exp2 JGN long k=20: fracMedian=0.5742 pinForecastMedian=0.5969 excluded=78
